Copyright 1986-2015 Xilinx, Inc. All Rights Reserved.
----------------------------------------------------------------------------------------------------------------
| Tool Version : Vivado v.2015.4 (win64) Build 1412921 Wed Nov 18 09:43:45 MST 2015
| Date         : Thu Aug 21 19:51:11 2025
| Host         : LAPTOP-JUHBUUI2 running 64-bit major release  (build 9200)
| Command      : report_timing -file out/post_route_timing.rpt -sort_by group -max_paths 100 -path_type summary
| Design       : red_pitaya_top
| Device       : 7z010-clg400
| Speed File   : -1  PRODUCTION 1.11 2014-09-11
----------------------------------------------------------------------------------------------------------------

Timing Report

Startpoint                     Endpoint                       Slack(ns)     
----------------------------------------------------------------------------
i_dsp/genblk5[7].iq_2_outputs/iqfilter[1]/genblk2[0].lpf/delta_reg[22]/C
                               i_dsp/genblk5[7].iq_2_outputs/modulator/secondproduct1/D[8]
                                                              -4.094        
i_dsp/genblk5[7].iq_2_outputs/iqfilter[1]/genblk2[0].lpf/delta_reg[22]/C
                               i_dsp/genblk5[7].iq_2_outputs/modulator/secondproduct1/D[10]
                                                              -4.085        
i_dsp/genblk5[7].iq_2_outputs/iqfilter[1]/genblk2[0].lpf/delta_reg[22]/C
                               i_dsp/genblk5[7].iq_2_outputs/modulator/secondproduct1/D[3]
                                                              -3.992        
i_dsp/genblk5[7].iq_2_outputs/iqfilter[1]/genblk2[0].lpf/delta_reg[22]/C
                               i_dsp/genblk5[7].iq_2_outputs/modulator/secondproduct1/D[1]
                                                              -3.979        
i_dsp/genblk5[7].iq_2_outputs/iqfilter[1]/genblk2[0].lpf/delta_reg[22]/C
                               i_dsp/genblk5[7].iq_2_outputs/modulator/secondproduct1/D[4]
                                                              -3.973        
i_dsp/genblk5[7].iq_2_outputs/iqfilter[1]/genblk2[0].lpf/delta_reg[22]/C
                               i_dsp/genblk5[7].iq_2_outputs/modulator/secondproduct1/D[12]
                                                              -3.926        
i_dsp/genblk5[7].iq_2_outputs/iqfilter[1]/genblk2[0].lpf/delta_reg[22]/C
                               i_dsp/genblk5[7].iq_2_outputs/modulator/secondproduct1/D[11]
                                                              -3.910        
i_dsp/genblk5[7].iq_2_outputs/iqfilter[1]/genblk2[0].lpf/delta_reg[22]/C
                               i_dsp/genblk5[7].iq_2_outputs/modulator/secondproduct1/D[0]
                                                              -3.910        
i_dsp/genblk5[7].iq_2_outputs/iqfilter[1]/genblk2[0].lpf/delta_reg[22]/C
                               i_dsp/genblk5[7].iq_2_outputs/modulator/secondproduct1/D[7]
                                                              -3.906        
i_dsp/genblk5[7].iq_2_outputs/iqfilter[1]/genblk2[0].lpf/delta_reg[22]/C
                               i_dsp/genblk5[7].iq_2_outputs/modulator/secondproduct1/D[6]
                                                              -3.893        
i_dsp/genblk5[7].iq_2_outputs/iqfilter[1]/genblk2[0].lpf/delta_reg[22]/C
                               i_dsp/genblk5[7].iq_2_outputs/modulator/secondproduct1/D[5]
                                                              -3.861        
i_dsp/genblk5[7].iq_2_outputs/iqfilter[1]/genblk2[0].lpf/delta_reg[22]/C
                               i_dsp/genblk5[7].iq_2_outputs/modulator/secondproduct1/D[2]
                                                              -3.832        
i_dsp/genblk5[7].iq_2_outputs/iqfilter[1]/genblk2[0].lpf/delta_reg[22]/C
                               i_dsp/genblk5[7].iq_2_outputs/modulator/secondproduct1/D[9]
                                                              -3.810        
i_dsp/genblk4[6].iq/quadrature_filter_reg[7]/C
                               i_dsp/genblk4[6].iq/modulator/secondproduct1/D[4]
                                                              -3.686        
i_dsp/genblk4[6].iq/quadrature_filter_reg[7]/C
                               i_dsp/genblk4[6].iq/modulator/secondproduct1/D[6]
                                                              -3.613        
i_dsp/genblk4[6].iq/quadrature_filter_reg[7]/C
                               i_dsp/genblk4[6].iq/modulator/secondproduct1/D[0]
                                                              -3.603        
i_dsp/genblk4[6].iq/quadrature_filter_reg[7]/C
                               i_dsp/genblk4[6].iq/modulator/secondproduct1/D[3]
                                                              -3.587        
i_dsp/genblk4[6].iq/quadrature_filter_reg[7]/C
                               i_dsp/genblk4[6].iq/modulator/secondproduct1/D[9]
                                                              -3.584        
i_dsp/genblk4[6].iq/quadrature_filter_reg[7]/C
                               i_dsp/genblk4[6].iq/modulator/secondproduct1/D[5]
                                                              -3.563        
i_dsp/genblk4[6].iq/quadrature_filter_reg[7]/C
                               i_dsp/genblk4[6].iq/modulator/secondproduct1/D[7]
                                                              -3.531        
i_dsp/genblk4[6].iq/quadrature_filter_reg[7]/C
                               i_dsp/genblk4[6].iq/modulator/secondproduct1/D[8]
                                                              -3.531        
i_dsp/genblk4[6].iq/quadrature_filter_reg[7]/C
                               i_dsp/genblk4[6].iq/modulator/secondproduct1/D[2]
                                                              -3.515        
i_dsp/genblk4[6].iq/quadrature_filter_reg[7]/C
                               i_dsp/genblk4[6].iq/modulator/secondproduct1/D[1]
                                                              -3.511        
i_dsp/genblk4[5].iq/quadrature_filter_reg[7]/C
                               i_dsp/genblk4[5].iq/modulator/secondproduct1/D[7]
                                                              -3.405        
i_ps/axi_slave_gp0/wr_wdata_reg[10]/C
                               i_dsp/genblk2[0].i_pid/ki_mult0/A[10]
                                                              -3.396        
i_dsp/genblk4[6].iq/quadrature_filter_reg[7]/C
                               i_dsp/genblk4[6].iq/modulator/secondproduct1/D[10]
                                                              -3.367        
i_dsp/genblk5[7].iq_2_outputs/iqfilter[1]/genblk2[0].lpf/psdsp_13/C
                               i_dsp/genblk5[7].iq_2_outputs/modulator/q1_product_reg_reg[5]/D
                                                              -3.361        
i_dsp/genblk5[7].iq_2_outputs/iqfilter[1]/genblk2[0].lpf/psdsp_13/C
                               i_dsp/genblk5[7].iq_2_outputs/modulator/q1_product_reg_reg[4]/D
                                                              -3.357        
i_dsp/genblk5[7].iq_2_outputs/iqfilter[1]/genblk2[0].lpf/psdsp_13/C
                               i_dsp/genblk5[7].iq_2_outputs/modulator/q1_product_reg_reg[0]/D
                                                              -3.333        
i_ps/axi_slave_gp0/wr_wdata_reg[10]/C
                               i_dsp/genblk2[2].i_pid/set_filter_reg[10]/D
                                                              -3.331        
i_dsp/genblk5[7].iq_2_outputs/iqfilter[1]/genblk2[0].lpf/psdsp_13/C
                               i_dsp/genblk5[7].iq_2_outputs/modulator/q1_product_reg_reg[9]/D
                                                              -3.331        
i_dsp/genblk4[5].iq/quadrature_filter_reg[7]/C
                               i_dsp/genblk4[5].iq/modulator/secondproduct1/D[3]
                                                              -3.316        
i_dsp/genblk5[7].iq_2_outputs/iqfilter[1]/genblk2[0].lpf/psdsp_13/C
                               i_dsp/genblk5[7].iq_2_outputs/modulator/q1_product_reg_reg[7]/D
                                                              -3.315        
i_dsp/genblk5[7].iq_2_outputs/iqfilter[1]/genblk2[0].lpf/psdsp_13/C
                               i_dsp/genblk5[7].iq_2_outputs/modulator/q1_product_reg_reg[11]/D
                                                              -3.314        
i_dsp/genblk4[5].iq/quadrature_filter_reg[7]/C
                               i_dsp/genblk4[5].iq/modulator/secondproduct1/D[2]
                                                              -3.311        
i_dsp/genblk4[6].iq/quadrature_filter_reg[7]/C
                               i_dsp/genblk4[6].iq/modulator/secondproduct1/D[12]
                                                              -3.308        
i_dsp/genblk4[6].iq/quadrature_filter_reg[7]/C
                               i_dsp/genblk4[6].iq/modulator/secondproduct1/D[11]
                                                              -3.307        
i_dsp/genblk4[5].iq/quadrature_filter_reg[7]/C
                               i_dsp/genblk4[5].iq/modulator/secondproduct1/D[4]
                                                              -3.285        
i_dsp/genblk4[5].iq/quadrature_filter_reg[7]/C
                               i_dsp/genblk4[5].iq/modulator/secondproduct1/D[6]
                                                              -3.253        
i_ps/axi_slave_gp0/wr_wdata_reg[10]/C
                               i_ams/dac_c_o_reg[10]/D        -3.227        
i_dsp/genblk5[7].iq_2_outputs/iqfilter[1]/genblk2[0].lpf/psdsp_13/C
                               i_dsp/genblk5[7].iq_2_outputs/modulator/q1_product_reg_reg[2]/D
                                                              -3.221        
i_dsp/genblk5[7].iq_2_outputs/iqfilter[1]/genblk2[0].lpf/psdsp_13/C
                               i_dsp/genblk5[7].iq_2_outputs/modulator/q1_product_reg_reg[8]/D
                                                              -3.221        
i_dsp/genblk4[5].iq/quadrature_filter_reg[7]/C
                               i_dsp/genblk4[5].iq/modulator/secondproduct1/D[5]
                                                              -3.214        
i_dsp/genblk4[5].iq/quadrature_filter_reg[7]/C
                               i_dsp/genblk4[5].iq/modulator/secondproduct1/D[9]
                                                              -3.197        
i_dsp/genblk4[5].iq/quadrature_filter_reg[7]/C
                               i_dsp/genblk4[5].iq/modulator/secondproduct1/D[10]
                                                              -3.189        
i_dsp/genblk4[5].iq/quadrature_filter_reg[7]/C
                               i_dsp/genblk4[5].iq/modulator/secondproduct1/D[12]
                                                              -3.184        
i_dsp/genblk5[7].iq_2_outputs/iqfilter[1]/genblk2[0].lpf/psdsp_13/C
                               i_dsp/genblk5[7].iq_2_outputs/modulator/q1_product_reg_reg[6]/D
                                                              -3.171        
i_dsp/genblk5[7].iq_2_outputs/iqfilter[1]/genblk2[0].lpf/psdsp_13/C
                               i_dsp/genblk5[7].iq_2_outputs/modulator/q1_product_reg_reg[1]/D
                                                              -3.170        
i_dsp/genblk5[7].iq_2_outputs/iqfilter[1]/genblk2[0].lpf/psdsp_13/C
                               i_dsp/genblk5[7].iq_2_outputs/modulator/q1_product_reg_reg[3]/D
                                                              -3.154        
i_ps/axi_slave_gp0/wr_wdata_reg[10]/C
                               i_dsp/genblk2[0].i_pid/kp_mult/A[10]
                                                              -3.129        
i_dsp/genblk4[5].iq/quadrature_filter_reg[7]/C
                               i_dsp/genblk4[5].iq/modulator/secondproduct1/D[0]
                                                              -3.126        
i_dsp/genblk5[7].iq_2_outputs/iqfilter[1]/genblk2[0].lpf/psdsp_13/C
                               i_dsp/genblk5[7].iq_2_outputs/modulator/q1_product_reg_reg[10]/D
                                                              -3.118        
i_dsp/genblk5[7].iq_2_outputs/iqfilter[1]/genblk2[0].lpf/psdsp_13/C
                               i_dsp/genblk5[7].iq_2_outputs/modulator/q1_product_reg_reg[12]/D
                                                              -3.118        
i_dsp/genblk5[7].iq_2_outputs/iqfilter[0]/genblk2[0].lpf/y_reg[47]/C
                               i_dsp/genblk5[7].iq_2_outputs/modulator/q2_product_reg_reg[1]/D
                                                              -3.100        
i_ps/axi_slave_gp0/wr_wdata_reg[10]/C
                               i_dsp/genblk2[0].i_pid/set_sp_reg[10]/D
                                                              -3.094        
i_ps/axi_slave_gp0/wr_wdata_reg[10]/C
                               i_dsp/genblk2[1].i_pid/kp_mult/A[10]
                                                              -3.077        
i_dsp/genblk4[5].iq/quadrature_filter_reg[7]/C
                               i_dsp/genblk4[5].iq/modulator/secondproduct1/D[8]
                                                              -3.071        
i_dsp/genblk5[7].iq_2_outputs/iqfilter[0]/genblk2[0].lpf/y_reg[47]/C
                               i_dsp/genblk5[7].iq_2_outputs/modulator/q2_product_reg_reg[9]/D
                                                              -3.069        
i_dsp/genblk4[5].iq/quadrature_filter_reg[7]/C
                               i_dsp/genblk4[5].iq/modulator/secondproduct1/D[1]
                                                              -3.017        
i_dsp/genblk5[7].iq_2_outputs/iqfilter[0]/genblk2[0].lpf/y_reg[47]/C
                               i_dsp/genblk5[7].iq_2_outputs/modulator/q2_product_reg_reg[6]/D
                                                              -3.017        
i_dsp/genblk5[7].iq_2_outputs/iqfilter[0]/genblk2[0].lpf/y_reg[47]/C
                               i_dsp/genblk5[7].iq_2_outputs/modulator/q2_product_reg_reg[3]/D
                                                              -3.015        
i_dsp/genblk4[5].iq/quadrature_filter_reg[7]/C
                               i_dsp/genblk4[5].iq/modulator/secondproduct1/D[11]
                                                              -2.997        
i_dsp/genblk5[7].iq_2_outputs/iqfilter[0]/genblk2[0].lpf/y_reg[47]/C
                               i_dsp/genblk5[7].iq_2_outputs/modulator/q2_product_reg_reg[12]/D
                                                              -2.996        
i_dsp/genblk5[7].iq_2_outputs/iqfilter[0]/genblk2[0].lpf/y_reg[47]/C
                               i_dsp/genblk5[7].iq_2_outputs/modulator/q2_product_reg_reg[11]/D
                                                              -2.994        
i_dsp/genblk5[7].iq_2_outputs/iqfilter[0]/genblk2[0].lpf/y_reg[47]/C
                               i_dsp/genblk5[7].iq_2_outputs/modulator/q2_product_reg_reg[10]/D
                                                              -2.960        
i_dsp/genblk5[7].iq_2_outputs/iqfilter[0]/genblk2[0].lpf/y_reg[43]/C
                               i_dsp/genblk5[7].iq_2_outputs/modulator/firstproduct_saturation[1]/psdsp_12/D
                                                              -2.946        
i_dsp/genblk5[7].iq_2_outputs/iqfilter[0]/genblk2[0].lpf/y_reg[47]/C
                               i_dsp/genblk5[7].iq_2_outputs/modulator/q2_product_reg_reg[4]/D
                                                              -2.941        
i_dsp/genblk5[7].iq_2_outputs/iqfilter[0]/genblk2[0].lpf/y_reg[47]/C
                               i_dsp/genblk5[7].iq_2_outputs/modulator/q2_product_reg_reg[0]/D
                                                              -2.934        
i_dsp/genblk5[7].iq_2_outputs/iqfilter[0]/genblk2[0].lpf/y_reg[47]/C
                               i_dsp/genblk5[7].iq_2_outputs/modulator/q2_product_reg_reg[2]/D
                                                              -2.933        
i_dsp/genblk5[7].iq_2_outputs/iqfilter[0]/genblk2[0].lpf/y_reg[47]/C
                               i_dsp/genblk5[7].iq_2_outputs/modulator/q2_product_reg_reg[5]/D
                                                              -2.930        
i_ps/axi_slave_gp0/wr_wdata_reg[9]/C
                               i_dsp/genblk2[0].i_pid/ki_mult0/A[9]
                                                              -2.924        
i_dsp/genblk5[7].iq_2_outputs/iqfilter[0]/genblk2[0].lpf/y_reg[43]/C
                               i_dsp/genblk5[7].iq_2_outputs/modulator/firstproduct_saturation[1]/psdsp_8/D
                                                              -2.908        
i_dsp/genblk5[7].iq_2_outputs/iqfilter[0]/genblk2[0].lpf/y_reg[47]/C
                               i_dsp/genblk5[7].iq_2_outputs/modulator/q2_product_reg_reg[8]/D
                                                              -2.905        
i_dsp/genblk5[7].iq_2_outputs/iqfilter[0]/genblk2[0].lpf/y_reg[47]/C
                               i_dsp/genblk5[7].iq_2_outputs/modulator/q2_product_reg_reg[7]/D
                                                              -2.901        
i_dsp/genblk5[7].iq_2_outputs/iqfilter[0]/genblk2[0].lpf/y_reg[43]/C
                               i_dsp/genblk5[7].iq_2_outputs/modulator/firstproduct_saturation[1]/psdsp_4/D
                                                              -2.880        
i_dsp/genblk4[6].iq/demodulator/product2_reg/CLK
                               i_dsp/genblk4[6].iq/modulator/secondproduct2/B[10]
                                                              -2.875        
i_dsp/genblk4[5].iq/demodulator/product2_reg/CLK
                               i_dsp/genblk4[5].iq/modulator/secondproduct2/B[0]
                                                              -2.847        
i_dsp/genblk5[7].iq_2_outputs/iqfilter[0]/genblk2[0].lpf/y_reg[43]/C
                               i_dsp/genblk5[7].iq_2_outputs/modulator/firstproduct_saturation[1]/psdsp_11/D
                                                              -2.844        
i_dsp/genblk4[5].iq/demodulator/product2_reg/CLK
                               i_dsp/genblk4[5].iq/modulator/secondproduct2/B[1]
                                                              -2.838        
i_dsp/genblk4[6].iq/demodulator/product2_reg/CLK
                               i_dsp/genblk4[6].iq/modulator/secondproduct2/B[11]
                                                              -2.822        
i_dsp/genblk4[6].iq/demodulator/product2_reg/CLK
                               i_dsp/genblk4[6].iq/modulator/secondproduct2/B[0]
                                                              -2.815        
i_dsp/genblk4[6].iq/demodulator/product2_reg/CLK
                               i_dsp/genblk4[6].iq/modulator/secondproduct2/B[1]
                                                              -2.803        
i_dsp/genblk5[7].iq_2_outputs/iqfilter[0]/genblk2[0].lpf/y_reg[43]/C
                               i_dsp/genblk5[7].iq_2_outputs/modulator/firstproduct_saturation[1]/psdsp_7/D
                                                              -2.778        
i_dsp/genblk4[6].iq/demodulator/product2_reg/CLK
                               i_dsp/genblk4[6].iq/modulator/secondproduct2/B[3]
                                                              -2.775        
i_dsp/genblk4[6].iq/demodulator/product2_reg/CLK
                               i_dsp/genblk4[6].iq/modulator/secondproduct2/B[2]
                                                              -2.746        
i_ps/axi_slave_gp0/wr_wdata_reg[22]/C
                               i_asg/at_counts_b_reg[22]/D    -2.714        
i_dsp/genblk4[6].iq/demodulator/product2_reg/CLK
                               i_dsp/genblk4[6].iq/modulator/secondproduct2/B[4]
                                                              -2.706        
i_dsp/genblk4[6].iq/demodulator/product2_reg/CLK
                               i_dsp/genblk4[6].iq/modulator/secondproduct2/B[6]
                                                              -2.705        
i_dsp/genblk4[6].iq/demodulator/product2_reg/CLK
                               i_dsp/genblk4[6].iq/modulator/secondproduct2/B[12]
                                                              -2.673        
i_ps/axi_slave_gp0/wr_wdata_reg[10]/C
                               i_dsp/genblk2[1].i_pid/set_sp_reg[10]/D
                                                              -2.652        
i_dsp/genblk4[6].iq/demodulator/product2_reg/CLK
                               i_dsp/genblk4[6].iq/modulator/secondproduct2/B[8]
                                                              -2.650        
i_dsp/genblk5[7].iq_2_outputs/iqfilter[0]/genblk2[0].lpf/y_reg[43]/C
                               i_dsp/genblk5[7].iq_2_outputs/modulator/firstproduct_saturation[1]/psdsp/D
                                                              -2.627        
i_dsp/genblk5[7].iq_2_outputs/iqfilter[1]/genblk2[0].lpf/delta_reg[22]/C
                               i_dsp/genblk5[7].iq_2_outputs/modulator/secondproduct1/D[18]
                                                              -2.619        
i_dsp/genblk5[7].iq_2_outputs/iqfilter[0]/genblk2[0].lpf/y_reg[43]/C
                               i_dsp/genblk5[7].iq_2_outputs/modulator/firstproduct_saturation[1]/psdsp_5/D
                                                              -2.605        
i_dsp/genblk4[5].iq/quadrature_filter_reg[7]/C
                               i_dsp/genblk4[5].iq/modulator/q1_product_reg_reg[9]/D
                                                              -2.600        
adc_dat_a_reg[13]/C            i_dsp/genblk2[2].i_pid/kp_mult__0/A[14]
                                                              -2.594        
adc_dat_a_reg[13]/C            i_dsp/genblk2[2].i_pid/kp_mult__0/A[15]
                                                              -2.594        
i_dsp/genblk4[6].iq/demodulator/product2_reg/CLK
                               i_dsp/genblk4[6].iq/modulator/secondproduct2/B[9]
                                                              -2.594        
i_dsp/genblk4[5].iq/demodulator/product2_reg/CLK
                               i_dsp/genblk4[5].iq/modulator/secondproduct2/B[10]
                                                              -2.590        
i_dsp/genblk4[5].iq/quadrature_filter_reg[7]/C
                               i_dsp/genblk4[5].iq/modulator/q1_product_reg_reg[0]/D
                                                              -2.588        
pwm[2]/v_r_reg[1]/C            pwm[2]/pwm_o_reg/D             -0.203        
pwm[1]/v_r_reg[7]/C            pwm[1]/pwm_o_reg/D             -0.128        
pwm[0]/vcnt_r_reg[0]/C         pwm[0]/pwm_o_reg/D             -0.108        
pwm[3]/v_r_reg[1]/C            pwm[3]/pwm_o_reg/D             -0.098        
pwm_rstn_reg/C                 pwm[2]/pwm_o_reg/R             0.068         
pwm[3]/vcnt_reg[0]/C           pwm[3]/b_reg[11]/CE            0.190         
pwm[3]/vcnt_reg[0]/C           pwm[3]/b_reg[12]/CE            0.190         
pwm[3]/vcnt_reg[0]/C           pwm[3]/b_reg[13]/CE            0.190         
pwm[0]/vcnt_reg[4]/C           pwm[0]/b_reg[10]/CE            0.225         
pwm[0]/vcnt_reg[4]/C           pwm[0]/b_reg[7]/CE             0.225         
pwm[0]/vcnt_reg[4]/C           pwm[0]/b_reg[8]/CE             0.225         
pwm[0]/vcnt_reg[4]/C           pwm[0]/b_reg[9]/CE             0.225         
pwm[3]/vcnt_reg[0]/C           pwm[3]/b_reg[14]/CE            0.265         
pwm[3]/vcnt_reg[0]/C           pwm[3]/b_reg[8]/CE             0.265         
pwm[3]/vcnt_reg[0]/C           pwm[3]/b_reg[2]/CE             0.278         
pwm[3]/vcnt_reg[0]/C           pwm[3]/b_reg[3]/CE             0.278         
pwm[3]/vcnt_reg[0]/C           pwm[3]/b_reg[4]/CE             0.278         
pwm[3]/vcnt_reg[0]/C           pwm[3]/b_reg[5]/CE             0.278         
i_ps/system_i/system_i/axi_protocol_converter_0/inst/gen_axilite.gen_b2s_conv.axilite_b2s/RD.r_channel_0/rd_data_fifo_0/cnt_read_reg[4]_rep__2/C
                               i_ps/system_i/system_i/axi_protocol_converter_0/inst/gen_axilite.gen_b2s_conv.axilite_b2s/RD.r_channel_0/rd_data_fifo_0/cnt_read_reg[4]/D
                                                              0.330         
pwm[3]/vcnt_reg[0]/C           pwm[3]/b_reg[10]/CE            0.341         
pwm[3]/vcnt_reg[0]/C           pwm[3]/b_reg[9]/CE             0.341         
pwm[0]/vcnt_reg[4]/C           pwm[0]/b_reg[1]/CE             0.348         
pwm[0]/vcnt_reg[4]/C           pwm[0]/b_reg[2]/CE             0.348         
pwm[0]/vcnt_reg[4]/C           pwm[0]/b_reg[3]/CE             0.348         
i_ps/system_i/system_i/axi_protocol_converter_0/inst/gen_axilite.gen_b2s_conv.axilite_b2s/RD.r_channel_0/rd_data_fifo_0/cnt_read_reg[4]_rep__2/C
                               i_ps/system_i/system_i/axi_protocol_converter_0/inst/gen_axilite.gen_b2s_conv.axilite_b2s/RD.r_channel_0/rd_data_fifo_0/cnt_read_reg[4]_rep__1/D
                                                              0.349         
i_ps/system_i/system_i/axi_protocol_converter_0/inst/gen_axilite.gen_b2s_conv.axilite_b2s/RD.r_channel_0/rd_data_fifo_0/cnt_read_reg[4]_rep__2/C
                               i_ps/system_i/system_i/axi_protocol_converter_0/inst/gen_axilite.gen_b2s_conv.axilite_b2s/RD.r_channel_0/rd_data_fifo_0/cnt_read_reg[4]_rep__0/D
                                                              0.367         
i_ams/dac_c_o_reg[15]/C        pwm[2]/b_reg[15]/D             0.368         
i_ps/system_i/system_i/axi_protocol_converter_0/inst/gen_axilite.gen_b2s_conv.axilite_b2s/WR.b_channel_0/bid_fifo_0/cnt_read_reg[1]_rep__1/C
                               i_ps/system_i/system_i/axi_protocol_converter_0/inst/gen_axilite.gen_b2s_conv.axilite_b2s/WR.aw_channel_0/s_awid_r_reg[3]/CE
                                                              0.370         
i_ps/system_i/system_i/axi_protocol_converter_0/inst/gen_axilite.gen_b2s_conv.axilite_b2s/WR.b_channel_0/bid_fifo_0/cnt_read_reg[1]_rep__1/C
                               i_ps/system_i/system_i/axi_protocol_converter_0/inst/gen_axilite.gen_b2s_conv.axilite_b2s/WR.aw_channel_0/s_awid_r_reg[4]/CE
                                                              0.370         
i_ps/system_i/system_i/axi_protocol_converter_0/inst/gen_axilite.gen_b2s_conv.axilite_b2s/WR.b_channel_0/bid_fifo_0/cnt_read_reg[1]_rep__1/C
                               i_ps/system_i/system_i/axi_protocol_converter_0/inst/gen_axilite.gen_b2s_conv.axilite_b2s/WR.aw_channel_0/s_awid_r_reg[5]/CE
                                                              0.370         
i_ps/system_i/system_i/axi_protocol_converter_0/inst/gen_axilite.gen_b2s_conv.axilite_b2s/WR.b_channel_0/bid_fifo_0/cnt_read_reg[1]_rep__1/C
                               i_ps/system_i/system_i/axi_protocol_converter_0/inst/gen_axilite.gen_b2s_conv.axilite_b2s/WR.aw_channel_0/s_awid_r_reg[7]/CE
                                                              0.370         
i_ps/system_i/system_i/axi_protocol_converter_0/inst/gen_axilite.gen_b2s_conv.axilite_b2s/WR.b_channel_0/bid_fifo_0/cnt_read_reg[1]_rep__1/C
                               i_ps/system_i/system_i/axi_protocol_converter_0/inst/gen_axilite.gen_b2s_conv.axilite_b2s/WR.aw_channel_0/s_awid_r_reg[9]/CE
                                                              0.370         
i_ps/system_i/system_i/axi_protocol_converter_0/inst/gen_axilite.gen_b2s_conv.axilite_b2s/RD.r_channel_0/rd_data_fifo_0/cnt_read_reg[4]_rep__2/C
                               i_ps/system_i/system_i/axi_protocol_converter_0/inst/gen_axilite.gen_b2s_conv.axilite_b2s/RD.r_channel_0/rd_data_fifo_0/cnt_read_reg[4]_rep/D
                                                              0.371         
i_ams/dac_a_o_reg[9]/C         pwm[0]/b_reg[9]/D              0.383         
pwm_rstn_reg/C                 pwm[3]/pwm_o_reg/R             0.419         
pwm_rstn_reg/C                 pwm[1]/pwm_o_reg/R             0.429         
pwm[1]/vcnt_reg[2]/C           pwm[1]/b_reg[0]/CE             0.438         
pwm[1]/vcnt_reg[2]/C           pwm[1]/b_reg[1]/CE             0.438         
pwm[1]/vcnt_reg[2]/C           pwm[1]/b_reg[4]/CE             0.438         
pwm[1]/vcnt_reg[2]/C           pwm[1]/b_reg[5]/CE             0.438         
pwm[1]/vcnt_reg[2]/C           pwm[1]/b_reg[2]/CE             0.458         
pwm[1]/vcnt_reg[2]/C           pwm[1]/b_reg[3]/CE             0.458         
pwm[1]/vcnt_reg[2]/C           pwm[1]/b_reg[9]/CE             0.458         
pwm[0]/vcnt_reg[4]/C           pwm[0]/b_reg[11]/CE            0.475         
pwm[0]/vcnt_reg[4]/C           pwm[0]/b_reg[12]/CE            0.475         
pwm[0]/vcnt_reg[4]/C           pwm[0]/b_reg[13]/CE            0.475         
pwm[0]/vcnt_reg[4]/C           pwm[0]/b_reg[4]/CE             0.475         
pwm[0]/vcnt_reg[4]/C           pwm[0]/b_reg[5]/CE             0.475         
pwm[0]/vcnt_reg[4]/C           pwm[0]/b_reg[6]/CE             0.475         
i_ps/system_i/system_i/axi_protocol_converter_0/inst/gen_axilite.gen_b2s_conv.axilite_b2s/WR.b_channel_0/bid_fifo_0/cnt_read_reg[1]_rep__1/C
                               i_ps/system_i/system_i/axi_protocol_converter_0/inst/gen_axilite.gen_b2s_conv.axilite_b2s/WR.aw_channel_0/s_awid_r_reg[8]/CE
                                                              0.479         
i_ams/dac_a_o_reg[1]/C         pwm[0]/b_reg[1]/D              0.480         
i_ams/dac_c_o_reg[11]/C        pwm[2]/b_reg[11]/D             0.489         
pwm[1]/vcnt_reg[2]/C           pwm[1]/b_reg[10]/CE            0.493         
pwm[1]/vcnt_reg[2]/C           pwm[1]/b_reg[11]/CE            0.493         
pwm[1]/vcnt_reg[2]/C           pwm[1]/b_reg[8]/CE             0.493         
i_ams/dac_a_o_reg[5]/C         pwm[0]/b_reg[5]/D              0.493         
pwm[1]/bcnt_reg[1]/C           pwm[1]/v_reg[1]/CE             0.511         
pwm[1]/bcnt_reg[1]/C           pwm[1]/v_reg[3]/CE             0.511         
pwm[1]/bcnt_reg[1]/C           pwm[1]/v_reg[5]/CE             0.511         
pwm[1]/bcnt_reg[1]/C           pwm[1]/v_reg[6]/CE             0.511         
dac_rst_reg/C                  oddr_dac_dat[3]/R              0.518         
pwm[2]/vcnt_reg[4]/C           pwm[2]/bcnt_reg[0]/CE          0.526         
pwm[2]/vcnt_reg[4]/C           pwm[2]/bcnt_reg[1]/CE          0.526         
pwm[2]/vcnt_reg[4]/C           pwm[2]/bcnt_reg[2]/CE          0.526         
pwm[2]/vcnt_reg[4]/C           pwm[2]/bcnt_reg[3]/CE          0.526         
pwm[3]/bcnt_reg[3]/C           pwm[3]/v_reg[3]/CE             0.539         
pwm[3]/bcnt_reg[3]/C           pwm[3]/v_reg[4]/CE             0.539         
pwm[3]/bcnt_reg[3]/C           pwm[3]/v_reg[5]/CE             0.539         
pwm[3]/bcnt_reg[3]/C           pwm[3]/v_reg[6]/CE             0.539         
pwm[2]/v_reg[4]/C              pwm[2]/v_r_reg[5]/D            0.540         
dac_rst_reg/C                  oddr_dac_dat[5]/R              0.546         
dac_rst_reg/C                  oddr_dac_dat[4]/R              0.552         
pwm[2]/v_reg[4]/C              pwm[2]/v_r_reg[6]/D            0.555         
dac_rst_reg/C                  oddr_dac_dat[1]/R              0.558         
pwm[3]/vcnt_reg[0]/C           pwm[3]/b_reg[0]/CE             0.568         
pwm[3]/vcnt_reg[0]/C           pwm[3]/b_reg[1]/CE             0.568         
pwm[3]/vcnt_reg[0]/C           pwm[3]/b_reg[6]/CE             0.568         
pwm[3]/vcnt_reg[0]/C           pwm[3]/b_reg[7]/CE             0.568         
pwm[1]/vcnt_reg[2]/C           pwm[1]/b_reg[12]/CE            0.579         
pwm[1]/vcnt_reg[2]/C           pwm[1]/b_reg[13]/CE            0.579         
pwm[1]/vcnt_reg[2]/C           pwm[1]/b_reg[6]/CE             0.579         
pwm[1]/vcnt_reg[2]/C           pwm[1]/b_reg[7]/CE             0.579         
pwm[0]/vcnt_reg[4]/C           pwm[0]/b_reg[0]/CE             0.590         
pwm[1]/bcnt_reg[1]/C           pwm[1]/v_reg[7]/CE             0.601         
pwm[1]/bcnt_reg[1]/C           pwm[1]/v_reg[0]/CE             0.609         
pwm[1]/bcnt_reg[1]/C           pwm[1]/v_reg[2]/CE             0.609         
pwm[1]/bcnt_reg[1]/C           pwm[1]/v_reg[4]/CE             0.609         
pwm_rstn_reg/C                 pwm[2]/vcnt_reg[1]/R           0.614         
pwm_rstn_reg/C                 pwm[2]/vcnt_reg[2]/R           0.614         
pwm_rstn_reg/C                 pwm[2]/vcnt_reg[3]/R           0.614         
pwm_rstn_reg/C                 pwm[2]/vcnt_reg[4]/R           0.614         
pwm_rstn_reg/C                 pwm[2]/vcnt_reg[6]/R           0.614         
pwm_rstn_reg/C                 pwm[2]/vcnt_reg[7]/R           0.614         
i_ams/dac_a_o_reg[2]/C         pwm[0]/b_reg[2]/D              0.614         
i_ams/dac_b_o_reg[13]/C        pwm[1]/b_reg[13]/D             0.648         
i_ams/dac_c_o_reg[1]/C         pwm[2]/b_reg[1]/D              0.655         
pwm[2]/v_reg[4]/C              pwm[2]/v_r_reg[7]/D            0.656         
pwm[2]/vcnt_reg[4]/C           pwm[2]/b_reg[10]/CE            0.658         
pwm[2]/vcnt_reg[4]/C           pwm[2]/b_reg[7]/CE             0.658         
pwm[2]/vcnt_reg[4]/C           pwm[2]/b_reg[8]/CE             0.658         
pwm[2]/vcnt_reg[4]/C           pwm[2]/b_reg[9]/CE             0.658         
i_ps/system_i/system_i/axi_protocol_converter_0/inst/gen_axilite.gen_b2s_conv.axilite_b2s/RD.r_channel_0/rd_data_fifo_0/cnt_read_reg[4]_rep__2/C
                               i_ps/system_i/system_i/axi_protocol_converter_0/inst/gen_axilite.gen_b2s_conv.axilite_b2s/RD.r_channel_0/transaction_fifo_0/cnt_read_reg[4]_rep__0/D
                                                              0.665         
pwm[2]/vcnt_reg[4]/C           pwm[2]/b_reg[0]/CE             0.676         
pwm[2]/vcnt_reg[4]/C           pwm[2]/b_reg[1]/CE             0.676         
dac_rst_reg/C                  oddr_dac_dat[11]/R             0.678         
pwm[0]/vcnt_reg[4]/C           pwm[0]/b_reg[14]/CE            0.680         
i_ps/system_i/system_i/axi_protocol_converter_0/inst/gen_axilite.gen_b2s_conv.axilite_b2s/RD.r_channel_0/rd_data_fifo_0/cnt_read_reg[4]_rep__2/C
                               i_ps/system_i/system_i/axi_protocol_converter_0/inst/gen_axilite.gen_b2s_conv.axilite_b2s/RD.r_channel_0/transaction_fifo_0/cnt_read_reg[4]/D
                                                              0.684         
dac_rst_reg/C                  oddr_dac_dat[0]/R              0.698         
pwm[2]/v_reg[4]/C              pwm[2]/v_r_reg[8]/D            0.708         
dac_rst_reg/C                  oddr_dac_dat[6]/R              0.712         
pwm_rstn_reg/C                 pwm[2]/v_r_reg[0]/CE           0.724         
pwm_rstn_reg/C                 pwm[2]/v_r_reg[1]/CE           0.724         
pwm_rstn_reg/C                 pwm[2]/v_r_reg[4]/CE           0.724         
pwm_rstn_reg/C                 pwm[2]/v_r_reg[5]/CE           0.724         
pwm_rstn_reg/C                 pwm[2]/v_r_reg[6]/CE           0.724         
i_ps/system_i/system_i/axi_protocol_converter_0/inst/gen_axilite.gen_b2s_conv.axilite_b2s/WR.b_channel_0/bid_fifo_0/cnt_read_reg[1]_rep__1/C
                               i_ps/system_i/system_i/axi_protocol_converter_0/inst/gen_axilite.gen_b2s_conv.axilite_b2s/WR.aw_channel_0/s_awid_r_reg[0]/CE
                                                              0.730         
i_ps/system_i/system_i/axi_protocol_converter_0/inst/gen_axilite.gen_b2s_conv.axilite_b2s/WR.b_channel_0/bid_fifo_0/cnt_read_reg[1]_rep__1/C
                               i_ps/system_i/system_i/axi_protocol_converter_0/inst/gen_axilite.gen_b2s_conv.axilite_b2s/WR.aw_channel_0/s_awid_r_reg[10]/CE
                                                              0.730         
i_ps/system_i/system_i/axi_protocol_converter_0/inst/gen_axilite.gen_b2s_conv.axilite_b2s/WR.b_channel_0/bid_fifo_0/cnt_read_reg[1]_rep__1/C
                               i_ps/system_i/system_i/axi_protocol_converter_0/inst/gen_axilite.gen_b2s_conv.axilite_b2s/WR.aw_channel_0/s_awid_r_reg[11]/CE
                                                              0.730         
i_ps/system_i/system_i/axi_protocol_converter_0/inst/gen_axilite.gen_b2s_conv.axilite_b2s/WR.b_channel_0/bid_fifo_0/cnt_read_reg[1]_rep__1/C
                               i_ps/system_i/system_i/axi_protocol_converter_0/inst/gen_axilite.gen_b2s_conv.axilite_b2s/WR.aw_channel_0/s_awid_r_reg[1]/CE
                                                              0.730         
i_ps/system_i/system_i/axi_protocol_converter_0/inst/gen_axilite.gen_b2s_conv.axilite_b2s/WR.b_channel_0/bid_fifo_0/cnt_read_reg[1]_rep__1/C
                               i_ps/system_i/system_i/axi_protocol_converter_0/inst/gen_axilite.gen_b2s_conv.axilite_b2s/WR.aw_channel_0/s_awid_r_reg[2]/CE
                                                              0.730         
i_ps/system_i/system_i/axi_protocol_converter_0/inst/gen_axilite.gen_b2s_conv.axilite_b2s/WR.b_channel_0/bid_fifo_0/cnt_read_reg[1]_rep__1/C
                               i_ps/system_i/system_i/axi_protocol_converter_0/inst/gen_axilite.gen_b2s_conv.axilite_b2s/WR.aw_channel_0/s_awid_r_reg[6]/CE
                                                              0.730         
pwm[3]/vcnt_reg[0]/C           pwm[3]/bcnt_reg[0]/CE          0.732         
pwm[3]/vcnt_reg[0]/C           pwm[3]/bcnt_reg[1]/CE          0.732         
pwm[3]/vcnt_reg[0]/C           pwm[3]/bcnt_reg[2]/CE          0.732         
pwm[3]/vcnt_reg[0]/C           pwm[3]/bcnt_reg[3]/CE          0.732         
i_ps/system_i/system_i/axi_protocol_converter_0/inst/gen_axilite.gen_b2s_conv.axilite_b2s/RD.r_channel_0/rd_data_fifo_0/cnt_read_reg[4]_rep__2/C
                               i_ps/system_i/system_i/axi_protocol_converter_0/inst/gen_axilite.gen_b2s_conv.axilite_b2s/RD.r_channel_0/transaction_fifo_0/cnt_read_reg[1]_rep__0/D
                                                              0.769         
i_ps/system_i/system_i/axi_protocol_converter_0/inst/gen_axilite.gen_b2s_conv.axilite_b2s/RD.r_channel_0/rd_data_fifo_0/cnt_read_reg[4]_rep__2/C
                               i_ps/system_i/system_i/axi_protocol_converter_0/inst/gen_axilite.gen_b2s_conv.axilite_b2s/RD.r_channel_0/transaction_fifo_0/cnt_read_reg[1]_rep/D
                                                              0.780         
i_ps/system_i/system_i/axi_protocol_converter_0/inst/gen_axilite.gen_b2s_conv.axilite_b2s/RD.r_channel_0/rd_data_fifo_0/cnt_read_reg[4]_rep__2/C
                               i_ps/system_i/system_i/axi_protocol_converter_0/inst/gen_axilite.gen_b2s_conv.axilite_b2s/RD.r_channel_0/transaction_fifo_0/cnt_read_reg[1]/D
                                                              0.797         
dac_rst_reg/C                  oddr_dac_dat[10]/R             0.805         
dac_rst_reg/C                  oddr_dac_dat[2]/R              0.806         
i_ps/system_i/system_i/axi_protocol_converter_0/inst/gen_axilite.gen_b2s_conv.axilite_b2s/RD.r_channel_0/rd_data_fifo_0/cnt_read_reg[4]_rep__2/C
                               i_ps/system_i/system_i/axi_protocol_converter_0/inst/gen_axilite.gen_b2s_conv.axilite_b2s/RD.r_channel_0/rd_data_fifo_0/cnt_read_reg[1]_rep__1/D
                                                              0.835         
dac_rst_reg/C                  oddr_dac_dat[7]/R              0.853         
i_ps/system_i/system_i/axi_protocol_converter_0/inst/gen_axilite.gen_b2s_conv.axilite_b2s/RD.r_channel_0/rd_data_fifo_0/cnt_read_reg[4]_rep__2/C
                               i_ps/system_i/system_i/axi_protocol_converter_0/inst/gen_axilite.gen_b2s_conv.axilite_b2s/RD.r_channel_0/rd_data_fifo_0/cnt_read_reg[4]_rep__2/D
                                                              0.888         
dac_rst_reg/C                  oddr_dac_dat[13]/R             0.895         
i_ps/system_i/system_i/axi_protocol_converter_0/inst/gen_axilite.gen_b2s_conv.axilite_b2s/WR.b_channel_0/bid_fifo_0/cnt_read_reg[1]_rep__1/C
                               i_ps/system_i/system_i/axi_protocol_converter_0/inst/gen_axilite.gen_b2s_conv.axilite_b2s/WR.b_channel_0/bid_fifo_0/cnt_read_reg[0]_rep__1/D
                                                              0.938         
i_ps/system_i/system_i/axi_protocol_converter_0/inst/gen_axilite.gen_b2s_conv.axilite_b2s/RD.r_channel_0/rd_data_fifo_0/cnt_read_reg[4]_rep__2/C
                               i_ps/system_i/system_i/axi_protocol_converter_0/inst/gen_axilite.gen_b2s_conv.axilite_b2s/RD.r_channel_0/rd_data_fifo_0/cnt_read_reg[1]_rep__0/D
                                                              0.983         
i_ps/system_i/system_i/axi_protocol_converter_0/inst/gen_axilite.gen_b2s_conv.axilite_b2s/RD.r_channel_0/rd_data_fifo_0/cnt_read_reg[4]_rep__2/C
                               i_ps/system_i/system_i/axi_protocol_converter_0/inst/gen_axilite.gen_b2s_conv.axilite_b2s/RD.r_channel_0/rd_data_fifo_0/cnt_read_reg[1]_rep__2/D
                                                              0.990         
i_ps/system_i/system_i/axi_protocol_converter_0/inst/gen_axilite.gen_b2s_conv.axilite_b2s/RD.r_channel_0/rd_data_fifo_0/cnt_read_reg[4]_rep__2/C
                               i_ps/system_i/system_i/axi_protocol_converter_0/inst/gen_axilite.gen_b2s_conv.axilite_b2s/RD.r_channel_0/rd_data_fifo_0/cnt_read_reg[0]_rep/D
                                                              1.002         
i_ps/system_i/system_i/axi_protocol_converter_0/inst/gen_axilite.gen_b2s_conv.axilite_b2s/RD.r_channel_0/rd_data_fifo_0/cnt_read_reg[4]_rep__2/C
                               i_ps/system_i/system_i/axi_protocol_converter_0/inst/gen_axilite.gen_b2s_conv.axilite_b2s/RD.r_channel_0/rd_data_fifo_0/cnt_read_reg[1]_rep/D
                                                              1.008         
dac_rst_reg/C                  oddr_dac_dat[8]/R              1.015         
i_ps/system_i/system_i/axi_protocol_converter_0/inst/gen_axilite.gen_b2s_conv.axilite_b2s/WR.b_channel_0/bid_fifo_0/cnt_read_reg[1]_rep__1/C
                               i_ps/system_i/system_i/axi_protocol_converter_0/inst/gen_axilite.gen_b2s_conv.axilite_b2s/WR.b_channel_0/bid_fifo_0/cnt_read_reg[1]/D
                                                              1.019         
dac_rst_reg/C                  oddr_dac_dat[12]/R             1.033         
i_ps/system_i/system_i/axi_protocol_converter_0/inst/gen_axilite.gen_b2s_conv.axilite_b2s/WR.b_channel_0/bid_fifo_0/cnt_read_reg[1]_rep__1/C
                               i_ps/system_i/system_i/axi_protocol_converter_0/inst/gen_axilite.gen_b2s_conv.axilite_b2s/WR.b_channel_0/bid_fifo_0/cnt_read_reg[0]/D
                                                              1.068         
i_ps/system_i/system_i/axi_protocol_converter_0/inst/gen_axilite.gen_b2s_conv.axilite_b2s/RD.r_channel_0/rd_data_fifo_0/cnt_read_reg[4]_rep__2/C
                               i_ps/system_i/system_i/axi_protocol_converter_0/inst/gen_axilite.gen_b2s_conv.axilite_b2s/RD.r_channel_0/rd_data_fifo_0/cnt_read_reg[3]_rep__0/D
                                                              1.072         
i_ps/system_i/system_i/processing_system7/inst/PS7_i/MAXIGP1ACLK
                               i_ps/system_i/system_i/axi_protocol_converter_0/inst/gen_axilite.gen_b2s_conv.axilite_b2s/SI_REG/r_pipe/m_payload_i_reg[34]/CE
                                                              1.082         
i_ps/system_i/system_i/processing_system7/inst/PS7_i/MAXIGP1ACLK
                               i_ps/system_i/system_i/axi_protocol_converter_0/inst/gen_axilite.gen_b2s_conv.axilite_b2s/SI_REG/r_pipe/m_payload_i_reg[35]/CE
                                                              1.082         
i_ps/system_i/system_i/axi_protocol_converter_0/inst/gen_axilite.gen_b2s_conv.axilite_b2s/RD.r_channel_0/rd_data_fifo_0/cnt_read_reg[4]_rep__2/C
                               i_ps/system_i/system_i/axi_protocol_converter_0/inst/gen_axilite.gen_b2s_conv.axilite_b2s/RD.r_channel_0/rd_data_fifo_0/cnt_read_reg[2]_rep__1/D
                                                              1.110         
i_ps/system_i/system_i/axi_protocol_converter_0/inst/gen_axilite.gen_b2s_conv.axilite_b2s/RD.ar_channel_0/ar_cmd_fsm_0/state_reg[1]/C
                               i_ps/system_i/system_i/axi_protocol_converter_0/inst/gen_axilite.gen_b2s_conv.axilite_b2s/RD.ar_channel_0/cmd_translator_0/s_axburst_eq0_reg/D
                                                              1.112         
i_ps/system_i/system_i/axi_protocol_converter_0/inst/gen_axilite.gen_b2s_conv.axilite_b2s/RD.r_channel_0/rd_data_fifo_0/cnt_read_reg[4]_rep__2/C
                               i_ps/system_i/system_i/axi_protocol_converter_0/inst/gen_axilite.gen_b2s_conv.axilite_b2s/RD.r_channel_0/rd_data_fifo_0/cnt_read_reg[1]/D
                                                              1.123         
i_ps/system_i/system_i/axi_protocol_converter_0/inst/gen_axilite.gen_b2s_conv.axilite_b2s/RD.ar_channel_0/ar_cmd_fsm_0/state_reg[1]/C
                               i_ps/system_i/system_i/axi_protocol_converter_0/inst/gen_axilite.gen_b2s_conv.axilite_b2s/RD.ar_channel_0/cmd_translator_0/s_axburst_eq1_reg/D
                                                              1.132         
i_ps/system_i/system_i/axi_protocol_converter_0/inst/gen_axilite.gen_b2s_conv.axilite_b2s/RD.r_channel_0/rd_data_fifo_0/cnt_read_reg[4]_rep__2/C
                               i_ps/system_i/system_i/axi_protocol_converter_0/inst/gen_axilite.gen_b2s_conv.axilite_b2s/RD.r_channel_0/transaction_fifo_0/cnt_read_reg[4]_rep/D
                                                              1.133         
i_ps/system_i/system_i/proc_sys_reset/U0/ACTIVE_LOW_BSR_OUT_DFF[0].interconnect_aresetn_reg[0]/C
                               i_ps/system_i/system_i/axi_protocol_converter_0/inst/gen_axilite.gen_b2s_conv.axilite_b2s/SI_REG/aw_pipe/aresetn_d_reg[0]/R
                                                              1.148         
i_ps/system_i/system_i/proc_sys_reset/U0/ACTIVE_LOW_BSR_OUT_DFF[0].interconnect_aresetn_reg[0]/C
                               i_ps/system_i/system_i/axi_protocol_converter_0/inst/gen_axilite.gen_b2s_conv.axilite_b2s/SI_REG/aw_pipe/aresetn_d_reg[1]/R
                                                              1.148         
i_ps/system_i/system_i/axi_protocol_converter_0/inst/gen_axilite.gen_b2s_conv.axilite_b2s/RD.r_channel_0/rd_data_fifo_0/cnt_read_reg[4]_rep__2/C
                               i_ps/system_i/system_i/axi_protocol_converter_0/inst/gen_axilite.gen_b2s_conv.axilite_b2s/RD.r_channel_0/transaction_fifo_0/cnt_read_reg[2]/D
                                                              1.159         
i_ps/system_i/system_i/axi_protocol_converter_0/inst/gen_axilite.gen_b2s_conv.axilite_b2s/RD.r_channel_0/rd_data_fifo_0/cnt_read_reg[4]_rep__2/C
                               i_ps/system_i/system_i/axi_protocol_converter_0/inst/gen_axilite.gen_b2s_conv.axilite_b2s/RD.r_channel_0/transaction_fifo_0/cnt_read_reg[0]_rep__0/D
                                                              1.164         
dac_rst_reg/C                  oddr_dac_dat[9]/R              1.165         
i_ps/system_i/system_i/axi_protocol_converter_0/inst/gen_axilite.gen_b2s_conv.axilite_b2s/RD.r_channel_0/rd_data_fifo_0/cnt_read_reg[4]_rep__2/C
                               i_ps/system_i/system_i/axi_protocol_converter_0/inst/gen_axilite.gen_b2s_conv.axilite_b2s/RD.r_channel_0/rd_data_fifo_0/cnt_read_reg[0]_rep__0/D
                                                              1.169         
i_ps/system_i/system_i/axi_protocol_converter_0/inst/gen_axilite.gen_b2s_conv.axilite_b2s/RD.r_channel_0/rd_data_fifo_0/cnt_read_reg[4]_rep__2/C
                               i_ps/system_i/system_i/axi_protocol_converter_0/inst/gen_axilite.gen_b2s_conv.axilite_b2s/RD.r_channel_0/transaction_fifo_0/cnt_read_reg[0]_rep/D
                                                              1.175         
i_ps/system_i/system_i/axi_protocol_converter_0/inst/gen_axilite.gen_b2s_conv.axilite_b2s/RD.r_channel_0/rd_data_fifo_0/cnt_read_reg[4]_rep__2/C
                               i_ps/system_i/system_i/axi_protocol_converter_0/inst/gen_axilite.gen_b2s_conv.axilite_b2s/RD.r_channel_0/rd_data_fifo_0/cnt_read_reg[0]/D
                                                              1.183         
i_ps/system_i/system_i/axi_protocol_converter_0/inst/gen_axilite.gen_b2s_conv.axilite_b2s/RD.r_channel_0/rd_data_fifo_0/cnt_read_reg[4]_rep__2/C
                               i_ps/system_i/system_i/axi_protocol_converter_0/inst/gen_axilite.gen_b2s_conv.axilite_b2s/RD.r_channel_0/rd_data_fifo_0/cnt_read_reg[0]_rep__1/D
                                                              1.192         
i_ps/system_i/system_i/processing_system7/inst/PS7_i/MAXIGP1ACLK
                               i_ps/system_i/system_i/axi_protocol_converter_0/inst/gen_axilite.gen_b2s_conv.axilite_b2s/SI_REG/r_pipe/m_payload_i_reg[26]/CE
                                                              1.205         
i_ps/system_i/system_i/processing_system7/inst/PS7_i/MAXIGP1ACLK
                               i_ps/system_i/system_i/axi_protocol_converter_0/inst/gen_axilite.gen_b2s_conv.axilite_b2s/SI_REG/r_pipe/m_payload_i_reg[27]/CE
                                                              1.205         
i_ps/system_i/system_i/processing_system7/inst/PS7_i/MAXIGP1ACLK
                               i_ps/system_i/system_i/axi_protocol_converter_0/inst/gen_axilite.gen_b2s_conv.axilite_b2s/SI_REG/r_pipe/m_payload_i_reg[46]/CE
                                                              1.205         
i_ps/system_i/system_i/axi_protocol_converter_0/inst/gen_axilite.gen_b2s_conv.axilite_b2s/RD.r_channel_0/rd_data_fifo_0/cnt_read_reg[4]_rep__2/C
                               i_ps/system_i/system_i/axi_protocol_converter_0/inst/gen_axilite.gen_b2s_conv.axilite_b2s/RD.r_channel_0/transaction_fifo_0/cnt_read_reg[3]/D
                                                              1.207         
i_ps/system_i/system_i/axi_protocol_converter_0/inst/gen_axilite.gen_b2s_conv.axilite_b2s/RD.r_channel_0/rd_data_fifo_0/cnt_read_reg[4]_rep__2/C
                               i_ps/system_i/system_i/axi_protocol_converter_0/inst/gen_axilite.gen_b2s_conv.axilite_b2s/RD.r_channel_0/transaction_fifo_0/cnt_read_reg[0]/D
                                                              1.215         
i_ps/system_i/system_i/axi_protocol_converter_0/inst/gen_axilite.gen_b2s_conv.axilite_b2s/RD.r_channel_0/transaction_fifo_0/cnt_read_reg[0]/C
                               i_ps/system_i/system_i/axi_protocol_converter_0/inst/gen_axilite.gen_b2s_conv.axilite_b2s/SI_REG/r_pipe/m_payload_i_reg[43]/D
                                                              1.220         
dac_rst_reg/C                  oddr_dac_sel/R                 1.224         
i_ps/system_i/system_i/axi_protocol_converter_0/inst/gen_axilite.gen_b2s_conv.axilite_b2s/WR.b_channel_0/bid_fifo_0/cnt_read_reg[1]_rep__1/C
                               i_ps/system_i/system_i/axi_protocol_converter_0/inst/gen_axilite.gen_b2s_conv.axilite_b2s/SI_REG/aw_pipe/m_payload_i_reg[53]/CE
                                                              1.230         
i_ps/system_i/system_i/axi_protocol_converter_0/inst/gen_axilite.gen_b2s_conv.axilite_b2s/WR.b_channel_0/bid_fifo_0/cnt_read_reg[1]_rep__1/C
                               i_ps/system_i/system_i/axi_protocol_converter_0/inst/gen_axilite.gen_b2s_conv.axilite_b2s/SI_REG/aw_pipe/m_payload_i_reg[54]/CE
                                                              1.230         
i_ps/system_i/system_i/axi_protocol_converter_0/inst/gen_axilite.gen_b2s_conv.axilite_b2s/WR.b_channel_0/bid_fifo_0/cnt_read_reg[1]_rep__1/C
                               i_ps/system_i/system_i/axi_protocol_converter_0/inst/gen_axilite.gen_b2s_conv.axilite_b2s/SI_REG/aw_pipe/m_payload_i_reg[57]/CE
                                                              1.230         
i_ps/system_i/system_i/axi_protocol_converter_0/inst/gen_axilite.gen_b2s_conv.axilite_b2s/WR.b_channel_0/bid_fifo_0/cnt_read_reg[1]_rep__1/C
                               i_ps/system_i/system_i/axi_protocol_converter_0/inst/gen_axilite.gen_b2s_conv.axilite_b2s/SI_REG/aw_pipe/m_payload_i_reg[58]/CE
                                                              1.230         
i_ps/system_i/system_i/axi_protocol_converter_0/inst/gen_axilite.gen_b2s_conv.axilite_b2s/WR.b_channel_0/bid_fifo_0/cnt_read_reg[1]_rep__1/C
                               i_ps/system_i/system_i/axi_protocol_converter_0/inst/gen_axilite.gen_b2s_conv.axilite_b2s/SI_REG/aw_pipe/m_payload_i_reg[59]/CE
                                                              1.230         
i_ps/system_i/system_i/axi_protocol_converter_0/inst/gen_axilite.gen_b2s_conv.axilite_b2s/WR.b_channel_0/bid_fifo_0/cnt_read_reg[1]_rep__1/C
                               i_ps/system_i/system_i/axi_protocol_converter_0/inst/gen_axilite.gen_b2s_conv.axilite_b2s/SI_REG/aw_pipe/m_payload_i_reg[60]/CE
                                                              1.230         
i_ps/system_i/system_i/processing_system7/inst/PS7_i/MAXIGP1ACLK
                               i_ps/system_i/system_i/axi_protocol_converter_0/inst/gen_axilite.gen_b2s_conv.axilite_b2s/SI_REG/r_pipe/m_payload_i_reg[20]/CE
                                                              1.232         
i_ps/system_i/system_i/processing_system7/inst/PS7_i/MAXIGP1ACLK
                               i_ps/system_i/system_i/axi_protocol_converter_0/inst/gen_axilite.gen_b2s_conv.axilite_b2s/SI_REG/r_pipe/m_payload_i_reg[21]/CE
                                                              1.232         
i_ps/system_i/system_i/processing_system7/inst/PS7_i/MAXIGP1ACLK
                               i_ps/system_i/system_i/axi_protocol_converter_0/inst/gen_axilite.gen_b2s_conv.axilite_b2s/SI_REG/r_pipe/m_payload_i_reg[24]/CE
                                                              1.232         
i_ps/system_i/system_i/processing_system7/inst/PS7_i/MAXIGP1ACLK
                               i_ps/system_i/system_i/axi_protocol_converter_0/inst/gen_axilite.gen_b2s_conv.axilite_b2s/SI_REG/r_pipe/m_payload_i_reg[25]/CE
                                                              1.232         
i_ps/system_i/system_i/processing_system7/inst/PS7_i/MAXIGP1ACLK
                               i_ps/system_i/system_i/axi_protocol_converter_0/inst/gen_axilite.gen_b2s_conv.axilite_b2s/SI_REG/r_pipe/m_payload_i_reg[28]/CE
                                                              1.232         
i_ps/system_i/system_i/processing_system7/inst/PS7_i/MAXIGP1ACLK
                               i_ps/system_i/system_i/axi_protocol_converter_0/inst/gen_axilite.gen_b2s_conv.axilite_b2s/SI_REG/r_pipe/m_payload_i_reg[29]/CE
                                                              1.232         
i_ps/system_i/system_i/processing_system7/inst/PS7_i/MAXIGP1ACLK
                               i_ps/system_i/system_i/axi_protocol_converter_0/inst/gen_axilite.gen_b2s_conv.axilite_b2s/SI_REG/r_pipe/m_payload_i_reg[30]/CE
                                                              1.232         
i_ps/system_i/system_i/processing_system7/inst/PS7_i/MAXIGP1ACLK
                               i_ps/system_i/system_i/axi_protocol_converter_0/inst/gen_axilite.gen_b2s_conv.axilite_b2s/SI_REG/r_pipe/m_payload_i_reg[31]/CE
                                                              1.232         
i_ps/system_i/system_i/axi_protocol_converter_0/inst/gen_axilite.gen_b2s_conv.axilite_b2s/RD.r_channel_0/rd_data_fifo_0/cnt_read_reg[4]_rep__2/C
                               i_ps/system_i/system_i/axi_protocol_converter_0/inst/gen_axilite.gen_b2s_conv.axilite_b2s/RD.r_channel_0/rd_data_fifo_0/cnt_read_reg[0]_rep__2/D
                                                              1.234         
i_ps/system_i/system_i/axi_protocol_converter_0/inst/gen_axilite.gen_b2s_conv.axilite_b2s/RD.r_channel_0/rd_data_fifo_0/cnt_read_reg[4]_rep__2/C
                               i_ps/system_i/system_i/axi_protocol_converter_0/inst/gen_axilite.gen_b2s_conv.axilite_b2s/RD.r_channel_0/rd_data_fifo_0/cnt_read_reg[3]/D
                                                              1.237         
i_ps/system_i/system_i/axi_protocol_converter_0/inst/gen_axilite.gen_b2s_conv.axilite_b2s/RD.r_channel_0/rd_data_fifo_0/cnt_read_reg[4]_rep__2/C
                               i_ps/system_i/system_i/axi_protocol_converter_0/inst/gen_axilite.gen_b2s_conv.axilite_b2s/RD.r_channel_0/rd_data_fifo_0/cnt_read_reg[3]_rep/D
                                                              1.243         
i_ps/system_i/system_i/axi_protocol_converter_0/inst/gen_axilite.gen_b2s_conv.axilite_b2s/RD.r_channel_0/rd_data_fifo_0/cnt_read_reg[4]_rep__2/C
                               i_ps/system_i/system_i/axi_protocol_converter_0/inst/gen_axilite.gen_b2s_conv.axilite_b2s/RD.r_channel_0/rd_data_fifo_0/cnt_read_reg[3]_rep__2/D
                                                              1.243         
i_ps/system_i/system_i/processing_system7/inst/PS7_i/MAXIGP1ACLK
                               i_ps/system_i/system_i/axi_protocol_converter_0/inst/gen_axilite.gen_b2s_conv.axilite_b2s/SI_REG/r_pipe/m_payload_i_reg[38]/CE
                                                              1.243         
i_ps/system_i/system_i/processing_system7/inst/PS7_i/MAXIGP1ACLK
                               i_ps/system_i/system_i/axi_protocol_converter_0/inst/gen_axilite.gen_b2s_conv.axilite_b2s/SI_REG/r_pipe/m_payload_i_reg[39]/CE
                                                              1.243         
i_ps/system_i/system_i/processing_system7/inst/PS7_i/MAXIGP1ACLK
                               i_ps/system_i/system_i/axi_protocol_converter_0/inst/gen_axilite.gen_b2s_conv.axilite_b2s/SI_REG/r_pipe/m_payload_i_reg[40]/CE
                                                              1.243         
i_ps/system_i/system_i/processing_system7/inst/PS7_i/MAXIGP1ACLK
                               i_ps/system_i/system_i/axi_protocol_converter_0/inst/gen_axilite.gen_b2s_conv.axilite_b2s/SI_REG/r_pipe/m_payload_i_reg[41]/CE
                                                              1.243         
i_ps/system_i/system_i/processing_system7/inst/PS7_i/MAXIGP1ACLK
                               i_ps/system_i/system_i/axi_protocol_converter_0/inst/gen_axilite.gen_b2s_conv.axilite_b2s/SI_REG/r_pipe/m_payload_i_reg[42]/CE
                                                              1.243         
i_ps/system_i/system_i/processing_system7/inst/PS7_i/MAXIGP1ACLK
                               i_ps/system_i/system_i/axi_protocol_converter_0/inst/gen_axilite.gen_b2s_conv.axilite_b2s/SI_REG/r_pipe/m_payload_i_reg[43]/CE
                                                              1.243         
i_ps/system_i/system_i/processing_system7/inst/PS7_i/MAXIGP1ACLK
                               i_ps/system_i/system_i/axi_protocol_converter_0/inst/gen_axilite.gen_b2s_conv.axilite_b2s/SI_REG/r_pipe/m_payload_i_reg[44]/CE
                                                              1.243         
i_ps/system_i/system_i/processing_system7/inst/PS7_i/MAXIGP1ACLK
                               i_ps/system_i/system_i/axi_protocol_converter_0/inst/gen_axilite.gen_b2s_conv.axilite_b2s/SI_REG/r_pipe/m_payload_i_reg[45]/CE
                                                              1.243         
i_ps/system_i/system_i/axi_protocol_converter_0/inst/gen_axilite.gen_b2s_conv.axilite_b2s/RD.r_channel_0/rd_data_fifo_0/cnt_read_reg[4]_rep__2/C
                               i_ps/system_i/system_i/axi_protocol_converter_0/inst/gen_axilite.gen_b2s_conv.axilite_b2s/RD.r_channel_0/transaction_fifo_0/cnt_read_reg[3]_rep__0/D
                                                              1.250         
i_ps/system_i/system_i/axi_protocol_converter_0/inst/gen_axilite.gen_b2s_conv.axilite_b2s/RD.r_channel_0/rd_data_fifo_0/cnt_read_reg[4]_rep__2/C
                               i_ps/system_i/system_i/axi_protocol_converter_0/inst/gen_axilite.gen_b2s_conv.axilite_b2s/RD.r_channel_0/rd_data_fifo_0/cnt_read_reg[2]/D
                                                              1.263         
i_ps/system_i/system_i/axi_protocol_converter_0/inst/gen_axilite.gen_b2s_conv.axilite_b2s/RD.r_channel_0/rd_data_fifo_0/cnt_read_reg[1]_rep/C
                               i_ps/system_i/system_i/axi_protocol_converter_0/inst/gen_axilite.gen_b2s_conv.axilite_b2s/SI_REG/r_pipe/m_payload_i_reg[16]/D
                                                              1.263         
i_ps/system_i/system_i/axi_protocol_converter_0/inst/gen_axilite.gen_b2s_conv.axilite_b2s/RD.r_channel_0/rd_data_fifo_0/cnt_read_reg[4]_rep__2/C
                               i_ps/system_i/system_i/axi_protocol_converter_0/inst/gen_axilite.gen_b2s_conv.axilite_b2s/RD.r_channel_0/rd_data_fifo_0/cnt_read_reg[2]_rep__0/D
                                                              1.263         
i_ps/system_i/system_i/axi_protocol_converter_0/inst/gen_axilite.gen_b2s_conv.axilite_b2s/RD.r_channel_0/rd_data_fifo_0/cnt_read_reg[4]_rep__2/C
                               i_ps/system_i/system_i/axi_protocol_converter_0/inst/gen_axilite.gen_b2s_conv.axilite_b2s/RD.r_channel_0/rd_data_fifo_0/cnt_read_reg[2]_rep/D
                                                              1.266         
i_ps/system_i/system_i/axi_protocol_converter_0/inst/gen_axilite.gen_b2s_conv.axilite_b2s/RD.r_channel_0/transaction_fifo_0/cnt_read_reg[0]/C
                               i_ps/system_i/system_i/axi_protocol_converter_0/inst/gen_axilite.gen_b2s_conv.axilite_b2s/SI_REG/r_pipe/m_payload_i_reg[40]/D
                                                              1.267         
i_ps/system_i/system_i/axi_protocol_converter_0/inst/gen_axilite.gen_b2s_conv.axilite_b2s/RD.r_channel_0/rd_data_fifo_0/cnt_read_reg[4]_rep__2/C
                               i_ps/system_i/system_i/axi_protocol_converter_0/inst/gen_axilite.gen_b2s_conv.axilite_b2s/RD.r_channel_0/rd_data_fifo_0/cnt_read_reg[2]_rep__2/D
                                                              1.270         
i_ps/system_i/system_i/processing_system7/inst/PS7_i/MAXIGP1ACLK
                               i_ps/system_i/system_i/axi_protocol_converter_0/inst/gen_axilite.gen_b2s_conv.axilite_b2s/SI_REG/r_pipe/m_payload_i_reg[22]/CE
                                                              1.286         
i_ps/system_i/system_i/processing_system7/inst/PS7_i/MAXIGP1ACLK
                               i_ps/system_i/system_i/axi_protocol_converter_0/inst/gen_axilite.gen_b2s_conv.axilite_b2s/SI_REG/r_pipe/m_payload_i_reg[23]/CE
                                                              1.286         
i_ps/system_i/system_i/processing_system7/inst/PS7_i/MAXIGP1ACLK
                               i_ps/system_i/system_i/axi_protocol_converter_0/inst/gen_axilite.gen_b2s_conv.axilite_b2s/SI_REG/r_pipe/m_payload_i_reg[4]/CE
                                                              1.286         
i_ps/system_i/system_i/processing_system7/inst/PS7_i/MAXIGP1ACLK
                               i_ps/system_i/system_i/axi_protocol_converter_0/inst/gen_axilite.gen_b2s_conv.axilite_b2s/SI_REG/r_pipe/m_payload_i_reg[5]/CE
                                                              1.286         
i_ps/system_i/system_i/processing_system7/inst/PS7_i/MAXIGP1ACLK
                               i_ps/system_i/system_i/axi_protocol_converter_0/inst/gen_axilite.gen_b2s_conv.axilite_b2s/SI_REG/r_pipe/m_payload_i_reg[6]/CE
                                                              1.286         
i_ps/system_i/system_i/processing_system7/inst/PS7_i/MAXIGP1ACLK
                               i_ps/system_i/system_i/axi_protocol_converter_0/inst/gen_axilite.gen_b2s_conv.axilite_b2s/SI_REG/r_pipe/m_payload_i_reg[7]/CE
                                                              1.286         
i_ps/system_i/system_i/axi_protocol_converter_0/inst/gen_axilite.gen_b2s_conv.axilite_b2s/RD.r_channel_0/rd_data_fifo_0/cnt_read_reg[4]_rep__2/C
                               i_ps/system_i/system_i/axi_protocol_converter_0/inst/gen_axilite.gen_b2s_conv.axilite_b2s/RD.r_channel_0/transaction_fifo_0/cnt_read_reg[2]_rep/D
                                                              1.287         
i_ps/system_i/system_i/processing_system7/inst/PS7_i/MAXIGP1ACLK
                               i_ps/system_i/system_i/axi_protocol_converter_0/inst/gen_axilite.gen_b2s_conv.axilite_b2s/SI_REG/r_pipe/m_payload_i_reg[12]/CE
                                                              1.290         
i_ps/system_i/system_i/processing_system7/inst/PS7_i/MAXIGP1ACLK
                               i_ps/system_i/system_i/axi_protocol_converter_0/inst/gen_axilite.gen_b2s_conv.axilite_b2s/SI_REG/r_pipe/m_payload_i_reg[13]/CE
                                                              1.290         
i_ps/system_i/system_i/processing_system7/inst/PS7_i/MAXIGP1ACLK
                               i_ps/system_i/system_i/axi_protocol_converter_0/inst/gen_axilite.gen_b2s_conv.axilite_b2s/SI_REG/r_pipe/m_payload_i_reg[16]/CE
                                                              1.290         
i_ps/system_i/system_i/processing_system7/inst/PS7_i/MAXIGP1ACLK
                               i_ps/system_i/system_i/axi_protocol_converter_0/inst/gen_axilite.gen_b2s_conv.axilite_b2s/SI_REG/r_pipe/m_payload_i_reg[17]/CE
                                                              1.290         
i_ps/system_i/system_i/processing_system7/inst/PS7_i/MAXIGP1ACLK
                               i_ps/system_i/system_i/axi_protocol_converter_0/inst/gen_axilite.gen_b2s_conv.axilite_b2s/SI_REG/r_pipe/m_payload_i_reg[18]/CE
                                                              1.290         
i_ps/system_i/system_i/processing_system7/inst/PS7_i/MAXIGP1ACLK
                               i_ps/system_i/system_i/axi_protocol_converter_0/inst/gen_axilite.gen_b2s_conv.axilite_b2s/SI_REG/r_pipe/m_payload_i_reg[19]/CE
                                                              1.290         
i_ps/system_i/system_i/processing_system7/inst/PS7_i/MAXIGP1ACLK
                               i_ps/system_i/system_i/axi_protocol_converter_0/inst/gen_axilite.gen_b2s_conv.axilite_b2s/SI_REG/r_pipe/m_payload_i_reg[32]/CE
                                                              1.290         
i_ps/system_i/system_i/processing_system7/inst/PS7_i/MAXIGP1ACLK
                               i_ps/system_i/system_i/axi_protocol_converter_0/inst/gen_axilite.gen_b2s_conv.axilite_b2s/SI_REG/r_pipe/m_payload_i_reg[33]/CE
                                                              1.290         
dac_dat_a_reg[4]/C             oddr_dac_dat[4]/D2             1.715         
dac_dat_a_reg[7]/C             oddr_dac_dat[7]/D2             1.775         
dac_dat_a_reg[0]/C             oddr_dac_dat[0]/D2             1.901         
dac_dat_a_reg[9]/C             oddr_dac_dat[9]/D2             1.938         
dac_dat_a_reg[2]/C             oddr_dac_dat[2]/D2             1.949         
dac_dat_a_reg[3]/C             oddr_dac_dat[3]/D2             1.951         
dac_rst_reg/C                  oddr_dac_rst/D2                1.971         
dac_dat_a_reg[8]/C             oddr_dac_dat[8]/D2             1.985         
dac_dat_a_reg[6]/C             oddr_dac_dat[6]/D2             1.986         
dac_dat_a_reg[5]/C             oddr_dac_dat[5]/D2             1.986         
dac_dat_a_reg[11]/C            oddr_dac_dat[11]/D2            1.993         
dac_dat_a_reg[10]/C            oddr_dac_dat[10]/D2            2.001         
dac_dat_a_reg[1]/C             oddr_dac_dat[1]/D2             2.023         
i_dsp/sum2_reg[16]/C           dac_dat_b_reg[12]/D            2.124         
dac_dat_a_reg[13]/C            oddr_dac_dat[13]/D2            2.127         
dac_dat_a_reg[12]/C            oddr_dac_dat[12]/D2            2.189         
i_dsp/sum1_reg[15]/C           dac_dat_a_reg[3]/D             2.728         
i_dsp/sum1_reg[13]/C           dac_dat_a_reg[1]/D             2.729         
i_dsp/sum2_reg[14]/C           dac_dat_b_reg[5]/D             2.807         
i_dsp/sum1_reg[15]/C           dac_dat_a_reg[2]/D             2.853         
i_dsp/sum1_reg[17]/C           dac_dat_a_reg[13]/D            3.012         
i_dsp/sum1_reg[13]/C           dac_dat_a_reg[0]/D             3.048         
i_dsp/sum1_reg[13]/C           dac_dat_a_reg[5]/D             3.201         
i_dsp/sum2_reg[15]/C           dac_dat_b_reg[10]/D            3.201         
i_dsp/sum2_reg[15]/C           dac_dat_b_reg[7]/D             3.265         
i_dsp/sum1_reg[15]/C           dac_dat_a_reg[4]/D             3.295         
i_dsp/sum1_reg[13]/C           dac_dat_a_reg[11]/D            3.296         
i_dsp/sum2_reg[13]/C           dac_dat_b_reg[4]/D             3.322         
i_dsp/sum2_reg[15]/C           dac_dat_b_reg[3]/D             3.366         
i_dsp/sum2_reg[14]/C           dac_dat_b_reg[6]/D             3.380         
i_dsp/sum2_reg[13]/C           dac_dat_b_reg[11]/D            3.399         
i_dsp/sum2_reg[16]/C           dac_dat_b_reg[8]/D             3.599         
i_dsp/sum2_reg[17]/C           dac_dat_b_reg[0]/D             3.630         
i_dsp/sum2_reg[14]/C           dac_dat_b_reg[9]/D             3.798         
i_dsp/sum2_reg[2]/C            dac_dat_b_reg[2]/D             3.816         
i_dsp/sum2_reg[15]/C           dac_dat_b_reg[1]/D             3.876         
i_dsp/sum1_reg[13]/C           dac_dat_a_reg[12]/D            3.919         
i_dsp/sum1_reg[13]/C           dac_dat_a_reg[6]/D             3.997         
i_dsp/sum1_reg[15]/C           dac_dat_a_reg[10]/D            4.019         
i_dsp/sum1_reg[14]/C           dac_dat_a_reg[9]/D             4.145         
i_dsp/sum2_reg[17]/C           dac_dat_b_reg[13]/D            4.246         
i_dsp/sum1_reg[14]/C           dac_dat_a_reg[8]/D             4.459         
i_dsp/sum1_reg[7]/C            dac_dat_a_reg[7]/D             4.707         
dac_dat_b_reg[3]/C             oddr_dac_dat[3]/D1             5.620         
dac_dat_b_reg[2]/C             oddr_dac_dat[2]/D1             5.658         
dac_dat_b_reg[4]/C             oddr_dac_dat[4]/D1             5.709         
dac_rst_reg/C                  oddr_dac_rst/D1                5.822         
dac_dat_b_reg[7]/C             oddr_dac_dat[7]/D1             5.840         
dac_dat_b_reg[5]/C             oddr_dac_dat[5]/D1             5.854         
dac_dat_b_reg[11]/C            oddr_dac_dat[11]/D1            5.865         
dac_dat_b_reg[10]/C            oddr_dac_dat[10]/D1            5.867         
dac_dat_b_reg[6]/C             oddr_dac_dat[6]/D1             5.898         
dac_dat_b_reg[1]/C             oddr_dac_dat[1]/D1             5.906         
dac_dat_b_reg[8]/C             oddr_dac_dat[8]/D1             5.912         
dac_dat_b_reg[0]/C             oddr_dac_dat[0]/D1             5.916         
dac_dat_b_reg[9]/C             oddr_dac_dat[9]/D1             5.994         
dac_dat_b_reg[13]/C            oddr_dac_dat[13]/D1            6.127         
dac_dat_b_reg[12]/C            oddr_dac_dat[12]/D1            6.189         



